C251 COMPILER V5.60.0,  main                                                               18/10/23  17:32:26  PAGE 1   


C251 COMPILER V5.60.0, COMPILATION OF MODULE main
OBJECT MODULE PLACED IN .\Out_File\main.obj
COMPILER INVOKED BY: D:\Software\Keil_v5\C251\BIN\C251.EXE ..\USER\src\main.c XSMALL UNSIGNED_CHAR WARNINGLEVEL(3) BROWS
                    -E INCDIR(..\..\Libraries\libraries;..\..\Libraries\seekfree_libraries;..\..\Libraries\seekfree_peripheral;..\CODE;..\USE
                    -R\inc;..\USER\src) DEBUG PRINT(.\Out_File\main.lst) OBJECT(.\Out_File\main.obj) 

stmt  level    source

    1          /********************************************************************************************************
             -*************
    2           * @file                main
    3           * @author              Wang
    4           * @version             1.1.0
    5           * @Software            MDK FOR C251 V5.60
    6           * @Target core         STC32G12K128
    7           * @date                2023-10-10
    8           * @brief           警告：绝对禁止在中断中使用串口发送数据，否则就死机了！
    9           ********************************************************************************************************
             -************/
   10          
   11          #include "headfile.h"
   12          #include "key.h"
   13          #include "menu.h"
   14          
   15          #define HALL_PIN P26
   16          
   17           /*
   18            * 系统频率，可查看board.h中的 FOSC 宏定义修改。
   19            * board.h文件中FOSC的值设置为0,则程序自动设置系统频率为33.1776MHZ
   20            * 在board_init中,已经将P54引脚设置为复位
   21            * 如果需要使用P54引脚,可以在board.c文件中的board_init()函数中删除SET_P54_RESRT即可
   22            */
   23          
   24          
   25          void main()
   26          {
   27   1          board_init();                       // 初始化寄存器,勿删除此句代码。
   28   1      
   29   1          // 此处编写用户代码(例如：外设初始化代码等)
   30   1          car_System_Init();    //外设初始化
   31   1          car_Parameter_Init(); //参数初始化
   32   1      //    Read_Para();
   33   1      //    pit_timer_ms(TIM_4, 5);
   34   1          ips114_clear(WHITE);
   35   1      
   36   1          while(1)
   37   1              {
   38   2              if(KEY1_PIN == KEY_DOWN)
   39   2                  Start_Up();
   40   2      //        int next_menu = MainMenu(); 
   41   2      //        if(next_menu == 1)
   42   2      //        {
   43   2      //            Start_Up();
   44   2      //        }
   45   2      //        else if(next_menu == 3)
   46   2      //        {
   47   2      //            
   48   2      //            Menu_ADC_test();
   49   2      //        }
   50   2      //        else if(next_menu == 2)
   51   2      //        {
   52   2      //            //ParameterMenu();
   53   2      //        }  
   54   2          }
   55   1      }
C251 COMPILER V5.60.0,  main                                                               18/10/23  17:32:26  PAGE 2   



Module Information          Static   Overlayable
------------------------------------------------
  code size            =        27     ------
  ecode size           =    ------     ------
  data size            =    ------     ------
  idata size           =    ------     ------
  pdata size           =    ------     ------
  xdata size           =    ------     ------
  xdata-const size     =    ------     ------
  edata size           =    ------     ------
  bit size             =    ------     ------
  ebit size            =    ------     ------
  bitaddressable size  =    ------     ------
  ebitaddressable size =    ------     ------
  far data size        =    ------     ------
  huge data size       =    ------     ------
  const size           =    ------     ------
  hconst size          =    ------     ------
End of Module Information.


C251 COMPILATION COMPLETE.  0 WARNING(S),  0 ERROR(S)
