C251 COMPILER V5.60.0,  menu                                                               01/11/23  17:00:48  PAGE 1   


C251 COMPILER V5.60.0, COMPILATION OF MODULE menu
OBJECT MODULE PLACED IN .\Out_File\menu.obj
COMPILER INVOKED BY: D:\Software\Keil_v5\C251\BIN\C251.EXE menu.c XSMALL UNSIGNED_CHAR WARNINGLEVEL(3) BROWSE INCDIR(..\
                    -..\Libraries\libraries;..\..\Libraries\seekfree_libraries;..\..\Libraries\seekfree_peripheral;..\CODE;..\USER\inc;..\USE
                    -R\src) DEBUG PRINT(.\Out_File\menu.lst) OBJECT(.\Out_File\menu.obj) 

stmt  level    source

    1          #include "headfile.h"
    2          #include "key.h"
    3          #include "SEEKFREE_IPS114_SPI.h"
    4          
    5          //#define ROW_SPACING 2;//行间距
    6          int menu_length = 3;
    7          int key = 0;
    8          
    9          /*
   10          * @name MainMenu
   11          * @date 2023/10/15
   12          * @breif 主菜单
   13          * @return int
   14          */
   15          int MainMenu()
   16          {
   17   1          int position = 1;//第n行
   18   1          
   19   1          ips114_showstr(90, 0, "MAIN_MENU");
   20   1          ips114_showstr(10, 2, "Start");
   21   1          ips114_showstr(10, 4, "Modify");
   22   1          ips114_showstr(10, 6, "Test");
   23   1      
   24   1          while(1)
   25   1          {
   26   2              key = KEY_Scan();
   27   2              if(key == KEY_2)
   28   2              {
   29   3                  position++;
   30   3                  if(position > menu_length)
   31   3                  {
   32   4                      position = 1;
   33   4                  }
   34   3              }
   35   2              
   36   2              if(key == KEY_3)
   37   2              {
   38   3                  ips114_clear(WHITE);
   39   3                  return position;
   40   3              }
   41   2              
   42   2              if(key == KEY_NULL)
   43   2              {
   44   3                  return 0;
   45   3              }
   46   2              switch(position)
   47   2              {
   48   3                  case 1:
   49   3                  {
   50   4                      ips114_showstr(0, 2, "*");
   51   4                      ips114_showstr(0, 4, " ");
   52   4                      ips114_showstr(0, 6, " ");
   53   4                  }
   54   3                  break;
   55   3                  case 2:
   56   3                  {
   57   4                      ips114_showstr(0, 2, " ");
C251 COMPILER V5.60.0,  menu                                                               01/11/23  17:00:48  PAGE 2   

   58   4                      ips114_showstr(0, 4, "*");
   59   4                      ips114_showstr(0, 6, " ");
   60   4                  }
   61   3                  break;
   62   3                  case 3:
   63   3                  {
   64   4                      ips114_showstr(0, 2, " ");
   65   4                      ips114_showstr(0, 4, " ");
   66   4                      ips114_showstr(0, 6, "*");
   67   4                  }
   68   3                  break;
   69   3              }
   70   2          }
   71   1      }
   72          
   73          void Menu_ADC_test()
   74          {
   75   1          uint16 data1,data2,data3,data4;
   76   1      
   77   1          ips114_clear(WHITE);
   78   1      //    while(1)
   79   1      //    {
   80   1              data1 = adc_once(ADC_P00,ADC_12BIT);    //采集ADC_P00电压，精度12位
   81   1              data2 = adc_once(ADC_P01,ADC_12BIT);    //采集ADC_P01电压，精度12位
   82   1              data3 = adc_once(ADC_P05,ADC_12BIT);    //采集ADC_P05电压，精度12位
   83   1              data4 = adc_once(ADC_P06,ADC_12BIT);    //采集ADC_P06电压，精度12位
   84   1          
   85   1              ips114_showstr(0, 0, "C 1:  "); 
   86   1              ips114_showuint16(6 * 8, 0, data1);
   87   1              ips114_showstr(0, 2, "C 2:  "); 
   88   1              ips114_showuint16(6 * 8, 2, data2);
   89   1              ips114_showstr(0, 4, "C 3:  "); 
   90   1              ips114_showuint16(6 * 8, 4, data3);
   91   1              ips114_showstr(0, 6, "C 4:  "); 
   92   1              ips114_showuint16(6 * 8, 6, data4);
   93   1              
   94   1      //        key = KEY_Scan();
   95   1      //        if(key == KEY_1)
   96   1      //        {
   97   1      //            break;
   98   1      //        }
   99   1      //    }
  100   1      }


Module Information          Static   Overlayable
------------------------------------------------
  code size            =       493     ------
  ecode size           =    ------     ------
  data size            =    ------     ------
  idata size           =    ------     ------
  pdata size           =    ------     ------
  xdata size           =    ------     ------
  xdata-const size     =    ------     ------
  edata size           =         4          4
  bit size             =    ------     ------
  ebit size            =    ------     ------
  bitaddressable size  =    ------     ------
  ebitaddressable size =    ------     ------
  far data size        =    ------     ------
  huge data size       =    ------     ------
  const size           =    ------     ------
  hconst size          =        72     ------
End of Module Information.


C251 COMPILATION COMPLETE.  0 WARNING(S),  0 ERROR(S)
